[1/18] Starting N=5, J=1, g=1.01, index=0, eps=1e-02, NPA=1, scalar=True TI Block_diag
Basis size: 61
Getting eigenstuff...5
Elapsed time: 0.0010 seconds
True value: 0.6538711355239643
GS: -6.504663496915247
GS/N: -1.3009326993830492

[6/18] Starting N=10, J=1, g=1.01, index=0, eps=1e-02, NPA=1, scalar=True TI Block_diag
Basis size: 121
Getting eigenstuff...10
Elapsed time: 0.7416 seconds
True value: 0.648123438570651
GS: -12.849276066600812
GS/N: -1.2849276066600812

[16/18] Starting N=20, J=1, g=1.01, index=0, eps=1e-02, NPA=1, scalar=True TI Block_diag
Basis size: 241
Getting eigenstuff...20
Elapsed time: 25.8680 seconds
True value: 0.648341023992394
GS: -25.619554675416584
GS/N: -1.2809777337708292