
[1/8] Starting N=5, J=1, g=1.3, index=16, eps=1e-02, NPA=1, scalar=True TI Block_diag
Basis size: 61
Getting eigenstuff...5
Elapsed time: 0.0530 seconds
Solving moment SDP min...
Total optimization variables: 156
Elapsed time: 1.2474 seconds
Solving moment SDP max...
Total optimization variables: 156
Elapsed time: 1.2293 seconds
SCALING Results TONI for NPA level 1 + nearest neighbours and scalar shell constraint TI Block_diag
Min bound moment matrix: -0.5879387321865034
Max bound moment matrix: 0.47053658117563113
Moment matrix bound width: 1.058475e+00

[2/8] Starting N=6, J=1, g=1.3, index=16, eps=1e-02, NPA=1, scalar=True TI Block_diag
Basis size: 73
Getting eigenstuff...6
Elapsed time: 0.0390 seconds
Solving moment SDP min...
Total optimization variables: 234
Elapsed time: 2.1679 seconds
Solving moment SDP max...
Total optimization variables: 234
Elapsed time: 2.0851 seconds
SCALING Results TONI for NPA level 1 + nearest neighbours and scalar shell constraint TI Block_diag
Min bound moment matrix: -0.28789687427278565
Max bound moment matrix: 0.7908505257585932
Moment matrix bound width: 1.078747e+00

[3/8] Starting N=7, J=1, g=1.3, index=16, eps=1e-02, NPA=1, scalar=True TI Block_diag
Basis size: 85
Getting eigenstuff...7
Elapsed time: 0.0650 seconds
Solving moment SDP min...
Total optimization variables: 300
Elapsed time: 3.1375 seconds
Solving moment SDP max...
Total optimization variables: 300
Elapsed time: 3.1484 seconds
SCALING Results TONI for NPA level 1 + nearest neighbours and scalar shell constraint TI Block_diag
Min bound moment matrix: -0.17418853863160175
Max bound moment matrix: 0.861512753906594
Moment matrix bound width: 1.035701e+00

[4/8] Starting N=8, J=1, g=1.3, index=16, eps=1e-02, NPA=1, scalar=True TI Block_diag
Basis size: 97
Getting eigenstuff...8
Elapsed time: 0.1385 seconds
Solving moment SDP min...
Total optimization variables: 378
Elapsed time: 4.5273 seconds
Solving moment SDP max...
Total optimization variables: 378
Elapsed time: 4.4926 seconds
SCALING Results TONI for NPA level 1 + nearest neighbours and scalar shell constraint TI Block_diag
Min bound moment matrix: -0.0800065266165978
Max bound moment matrix: 0.9135565481998374
Moment matrix bound width: 9.935631e-01

[5/8] Starting N=9, J=1, g=1.3, index=16, eps=1e-02, NPA=1, scalar=True TI Block_diag
Basis size: 109
Getting eigenstuff...9
Elapsed time: 0.2987 seconds
Solving moment SDP min...
Total optimization variables: 444
Elapsed time: 5.9630 seconds
Solving moment SDP max...
Total optimization variables: 444
Elapsed time: 5.9291 seconds
SCALING Results TONI for NPA level 1 + nearest neighbours and scalar shell constraint TI Block_diag
Min bound moment matrix: -0.0012528136144047838
Max bound moment matrix: 0.9467367078325101
Moment matrix bound width: 9.479895e-01

[6/8] Starting N=10, J=1, g=1.3, index=16, eps=1e-02, NPA=1, scalar=True TI Block_diag
Basis size: 121
Getting eigenstuff...10
Elapsed time: 1.0466 seconds
Solving moment SDP min...
Total optimization variables: 522
Elapsed time: 7.7317 seconds
Solving moment SDP max...
Total optimization variables: 522
Elapsed time: 7.7397 seconds
SCALING Results TONI for NPA level 1 + nearest neighbours and scalar shell constraint TI Block_diag
Min bound moment matrix: 0.0654096224475029
Max bound moment matrix: 0.9684828658536062
Moment matrix bound width: 9.030732e-01

[7/8] Starting N=11, J=1, g=1.3, index=16, eps=1e-02, NPA=1, scalar=True TI Block_diag
Basis size: 133
Getting eigenstuff...11
Elapsed time: 13.7758 seconds
Solving moment SDP min...
Total optimization variables: 588
Elapsed time: 9.7304 seconds
Solving moment SDP max...
Total optimization variables: 588
Elapsed time: 9.7055 seconds
SCALING Results TONI for NPA level 1 + nearest neighbours and scalar shell constraint TI Block_diag
Min bound moment matrix: 0.1224709186858396
Max bound moment matrix: 0.9824335376318227
Moment matrix bound width: 8.599626e-01

[8/8] Starting N=12, J=1, g=1.3, index=16, eps=1e-02, NPA=1, scalar=True TI Block_diag
Basis size: 145
Getting eigenstuff...12
Elapsed time: 71.4135 seconds
Solving moment SDP min...
Total optimization variables: 666
Elapsed time: 11.9413 seconds
Solving moment SDP max...
Total optimization variables: 666
Elapsed time: 12.1569 seconds
SCALING Results TONI for NPA level 1 + nearest neighbours and scalar shell constraint TI Block_diag
Min bound moment matrix: 0.1717776309633529
Max bound moment matrix: 0.9911356397789184
Moment matrix bound width: 8.193580e-01
